d:\文字游戏 仓库\2025-nju-\game\x64\debug\vc143.pdb
d:\文字游戏 仓库\2025-nju-\game\x64\debug\vc143.idb
d:\文字游戏 仓库\2025-nju-\game\x64\debug\messagescreen.obj
d:\文字游戏 仓库\2025-nju-\game\x64\debug\map.obj
d:\文字游戏 仓库\2025-nju-\game\x64\debug\main.obj
d:\文字游戏 仓库\2025-nju-\game\x64\debug\createmap.obj
d:\文字游戏 仓库\2025-nju-\game\x64\debug\bgm.obj
d:\文字游戏 仓库\2025-nju-\game\x64\debug\game.ilk
d:\文字游戏 仓库\2025-nju-\game\x64\debug\character.obj
d:\文字游戏 仓库\2025-nju-\x64\debug\game.pdb
d:\文字游戏 仓库\2025-nju-\game\x64\debug\game.tlog\cl.command.1.tlog
d:\文字游戏 仓库\2025-nju-\game\x64\debug\game.tlog\cl.items.tlog
d:\文字游戏 仓库\2025-nju-\game\x64\debug\game.tlog\cl.read.1.tlog
d:\文字游戏 仓库\2025-nju-\game\x64\debug\game.tlog\cl.write.1.tlog
d:\文字游戏 仓库\2025-nju-\game\x64\debug\game.tlog\link-cvtres.read.1.tlog
d:\文字游戏 仓库\2025-nju-\game\x64\debug\game.tlog\link-cvtres.write.1.tlog
d:\文字游戏 仓库\2025-nju-\game\x64\debug\game.tlog\link-rc.read.1.tlog
d:\文字游戏 仓库\2025-nju-\game\x64\debug\game.tlog\link-rc.write.1.tlog
d:\文字游戏 仓库\2025-nju-\game\x64\debug\game.tlog\link.29912-cvtres.read.1.tlog
d:\文字游戏 仓库\2025-nju-\game\x64\debug\game.tlog\link.29912-cvtres.write.1.tlog
d:\文字游戏 仓库\2025-nju-\game\x64\debug\game.tlog\link.29912-rc.read.1.tlog
d:\文字游戏 仓库\2025-nju-\game\x64\debug\game.tlog\link.29912-rc.write.1.tlog
d:\文字游戏 仓库\2025-nju-\game\x64\debug\game.tlog\link.29912.read.1.tlog
d:\文字游戏 仓库\2025-nju-\game\x64\debug\game.tlog\link.29912.read.2.tlog
d:\文字游戏 仓库\2025-nju-\game\x64\debug\game.tlog\link.29912.read.3.tlog
d:\文字游戏 仓库\2025-nju-\game\x64\debug\game.tlog\link.29912.read.4.tlog
d:\文字游戏 仓库\2025-nju-\game\x64\debug\game.tlog\link.29912.read.5.tlog
d:\文字游戏 仓库\2025-nju-\game\x64\debug\game.tlog\link.29912.write.1.tlog
d:\文字游戏 仓库\2025-nju-\game\x64\debug\game.tlog\link.command.1.tlog
d:\文字游戏 仓库\2025-nju-\game\x64\debug\game.tlog\link.read.1.tlog
d:\文字游戏 仓库\2025-nju-\game\x64\debug\game.tlog\link.read.2.tlog
d:\文字游戏 仓库\2025-nju-\game\x64\debug\game.tlog\link.read.3.tlog
d:\文字游戏 仓库\2025-nju-\game\x64\debug\game.tlog\link.read.4.tlog
d:\文字游戏 仓库\2025-nju-\game\x64\debug\game.tlog\link.read.5.tlog
d:\文字游戏 仓库\2025-nju-\game\x64\debug\game.tlog\link.secondary.1.tlog
d:\文字游戏 仓库\2025-nju-\game\x64\debug\game.tlog\link.write.1.tlog
